// Jest Snapshot v1, https://goo.gl/fbAQLP

exports[`LayoutContainer rendering render LayoutContainer 1`] = `
<div
  className="react-container nav-pf-persistent-secondary"
>
  <li
    key="key"
  >
    TEST
  </li>
</div>
`;
